The system is: Linux - 6.17.12-300.fc43.x86_64 - x86_64
Compiling the C compiler identification source file "CMakeCCompilerId.c" succeeded.
Compiler: /usr/bin/cc 
Build flags: 
Id flags:  

The output was:
0


Compilation of the C compiler identification source "CMakeCCompilerId.c" produced "a.out"

The C compiler identification is GNU, found in "/app/build/CMakeFiles/3.25.1/CompilerIdC/a.out"

Compiling the CXX compiler identification source file "CMakeCXXCompilerId.cpp" succeeded.
Compiler: /usr/local/bin/c++ 
Build flags: 
Id flags:  

The output was:
0


Compilation of the CXX compiler identification source "CMakeCXXCompilerId.cpp" produced "a.out"

The CXX compiler identification is GNU, found in "/app/build/CMakeFiles/3.25.1/CompilerIdCXX/a.out"

Detecting C compiler ABI info compiled with the following output:
Change Dir: /app/build/CMakeFiles/CMakeScratch/TryCompile-cwfFb2

Run Build Command(s):/usr/bin/gmake -f Makefile cmTC_f391a/fast && /usr/bin/gmake  -f CMakeFiles/cmTC_f391a.dir/build.make CMakeFiles/cmTC_f391a.dir/build
gmake[1]: Entering directory '/app/build/CMakeFiles/CMakeScratch/TryCompile-cwfFb2'
Building C object CMakeFiles/cmTC_f391a.dir/CMakeCCompilerABI.c.o
/usr/bin/cc   -v -o CMakeFiles/cmTC_f391a.dir/CMakeCCompilerABI.c.o -c /usr/share/cmake-3.25/Modules/CMakeCCompilerABI.c
Using built-in specs.
COLLECT_GCC=/usr/bin/cc
Target: x86_64-linux-gnu
Configured with: /usr/src/gcc/configure --build=x86_64-linux-gnu --disable-multilib --enable-languages=c,c++,fortran,go
Thread model: posix
Supported LTO compression algorithms: zlib zstd
gcc version 12.5.0 (GCC) 
COLLECT_GCC_OPTIONS='-v' '-o' 'CMakeFiles/cmTC_f391a.dir/CMakeCCompilerABI.c.o' '-c' '-mtune=generic' '-march=x86-64' '-dumpdir' 'CMakeFiles/cmTC_f391a.dir/'
 /usr/local/libexec/gcc/x86_64-linux-gnu/12.5.0/cc1 -quiet -v -imultiarch x86_64-linux-gnu /usr/share/cmake-3.25/Modules/CMakeCCompilerABI.c -quiet -dumpdir CMakeFiles/cmTC_f391a.dir/ -dumpbase CMakeCCompilerABI.c.c -dumpbase-ext .c -mtune=generic -march=x86-64 -version -o /tmp/ccFsRyMS.s
GNU C17 (GCC) version 12.5.0 (x86_64-linux-gnu)
	compiled by GNU C version 12.5.0, GMP version 6.2.1, MPFR version 4.1.0, MPC version 1.2.1, isl version isl-0.24-GMP

GGC heuristics: --param ggc-min-expand=100 --param ggc-min-heapsize=131072
ignoring nonexistent directory "/usr/local/include/x86_64-linux-gnu"
ignoring nonexistent directory "/usr/local/lib/gcc/x86_64-linux-gnu/12.5.0/../../../../x86_64-linux-gnu/include"
#include "..." search starts here:
#include <...> search starts here:
 /usr/local/lib/gcc/x86_64-linux-gnu/12.5.0/include
 /usr/local/include
 /usr/local/lib/gcc/x86_64-linux-gnu/12.5.0/include-fixed
 /usr/include/x86_64-linux-gnu
 /usr/include
End of search list.
GNU C17 (GCC) version 12.5.0 (x86_64-linux-gnu)
	compiled by GNU C version 12.5.0, GMP version 6.2.1, MPFR version 4.1.0, MPC version 1.2.1, isl version isl-0.24-GMP

GGC heuristics: --param ggc-min-expand=100 --param ggc-min-heapsize=131072
Compiler executable checksum: a0764282f990dfab71e5d57e04f25660
COLLECT_GCC_OPTIONS='-v' '-o' 'CMakeFiles/cmTC_f391a.dir/CMakeCCompilerABI.c.o' '-c' '-mtune=generic' '-march=x86-64' '-dumpdir' 'CMakeFiles/cmTC_f391a.dir/'
 as -v --64 -o CMakeFiles/cmTC_f391a.dir/CMakeCCompilerABI.c.o /tmp/ccFsRyMS.s
GNU assembler version 2.40 (x86_64-linux-gnu) using BFD version (GNU Binutils for Debian) 2.40
COMPILER_PATH=/usr/local/libexec/gcc/x86_64-linux-gnu/12.5.0/:/usr/local/libexec/gcc/x86_64-linux-gnu/12.5.0/:/usr/local/libexec/gcc/x86_64-linux-gnu/:/usr/local/lib/gcc/x86_64-linux-gnu/12.5.0/:/usr/local/lib/gcc/x86_64-linux-gnu/
LIBRARY_PATH=/usr/local/lib/gcc/x86_64-linux-gnu/12.5.0/:/usr/local/lib/gcc/x86_64-linux-gnu/12.5.0/../../../../lib64/:/lib/x86_64-linux-gnu/:/lib/../lib64/:/usr/lib/x86_64-linux-gnu/:/usr/lib/../lib64/:/usr/local/lib/gcc/x86_64-linux-gnu/12.5.0/../../../:/lib/:/usr/lib/
COLLECT_GCC_OPTIONS='-v' '-o' 'CMakeFiles/cmTC_f391a.dir/CMakeCCompilerABI.c.o' '-c' '-mtune=generic' '-march=x86-64' '-dumpdir' 'CMakeFiles/cmTC_f391a.dir/CMakeCCompilerABI.c.'
Linking C executable cmTC_f391a
/usr/bin/cmake -E cmake_link_script CMakeFiles/cmTC_f391a.dir/link.txt --verbose=1
/usr/bin/cc  -v CMakeFiles/cmTC_f391a.dir/CMakeCCompilerABI.c.o -o cmTC_f391a 
Using built-in specs.
COLLECT_GCC=/usr/bin/cc
COLLECT_LTO_WRAPPER=/usr/local/libexec/gcc/x86_64-linux-gnu/12.5.0/lto-wrapper
Target: x86_64-linux-gnu
Configured with: /usr/src/gcc/configure --build=x86_64-linux-gnu --disable-multilib --enable-languages=c,c++,fortran,go
Thread model: posix
Supported LTO compression algorithms: zlib zstd
gcc version 12.5.0 (GCC) 
COMPILER_PATH=/usr/local/libexec/gcc/x86_64-linux-gnu/12.5.0/:/usr/local/libexec/gcc/x86_64-linux-gnu/12.5.0/:/usr/local/libexec/gcc/x86_64-linux-gnu/:/usr/local/lib/gcc/x86_64-linux-gnu/12.5.0/:/usr/local/lib/gcc/x86_64-linux-gnu/
LIBRARY_PATH=/usr/local/lib/gcc/x86_64-linux-gnu/12.5.0/:/usr/local/lib/gcc/x86_64-linux-gnu/12.5.0/../../../../lib64/:/lib/x86_64-linux-gnu/:/lib/../lib64/:/usr/lib/x86_64-linux-gnu/:/usr/lib/../lib64/:/usr/local/lib/gcc/x86_64-linux-gnu/12.5.0/../../../:/lib/:/usr/lib/
COLLECT_GCC_OPTIONS='-v' '-o' 'cmTC_f391a' '-mtune=generic' '-march=x86-64' '-dumpdir' 'cmTC_f391a.'
 /usr/local/libexec/gcc/x86_64-linux-gnu/12.5.0/collect2 -plugin /usr/local/libexec/gcc/x86_64-linux-gnu/12.5.0/liblto_plugin.so -plugin-opt=/usr/local/libexec/gcc/x86_64-linux-gnu/12.5.0/lto-wrapper -plugin-opt=-fresolution=/tmp/cc0r9ll8.res -plugin-opt=-pass-through=-lgcc -plugin-opt=-pass-through=-lgcc_s -plugin-opt=-pass-through=-lc -plugin-opt=-pass-through=-lgcc -plugin-opt=-pass-through=-lgcc_s --eh-frame-hdr -m elf_x86_64 -dynamic-linker /lib64/ld-linux-x86-64.so.2 -o cmTC_f391a /lib/x86_64-linux-gnu/crt1.o /lib/x86_64-linux-gnu/crti.o /usr/local/lib/gcc/x86_64-linux-gnu/12.5.0/crtbegin.o -L/usr/local/lib/gcc/x86_64-linux-gnu/12.5.0 -L/usr/local/lib/gcc/x86_64-linux-gnu/12.5.0/../../../../lib64 -L/lib/x86_64-linux-gnu -L/lib/../lib64 -L/usr/lib/x86_64-linux-gnu -L/usr/lib/../lib64 -L/usr/local/lib/gcc/x86_64-linux-gnu/12.5.0/../../.. CMakeFiles/cmTC_f391a.dir/CMakeCCompilerABI.c.o -lgcc --push-state --as-needed -lgcc_s --pop-state -lc -lgcc --push-state --as-needed -lgcc_s --pop-state /usr/local/lib/gcc/x86_64-linux-gnu/12.5.0/crtend.o /lib/x86_64-linux-gnu/crtn.o
COLLECT_GCC_OPTIONS='-v' '-o' 'cmTC_f391a' '-mtune=generic' '-march=x86-64' '-dumpdir' 'cmTC_f391a.'
gmake[1]: Leaving directory '/app/build/CMakeFiles/CMakeScratch/TryCompile-cwfFb2'



Parsed C implicit include dir info from above output: rv=done
  found start of include info
  found start of implicit include info
    add: [/usr/local/lib/gcc/x86_64-linux-gnu/12.5.0/include]
    add: [/usr/local/include]
    add: [/usr/local/lib/gcc/x86_64-linux-gnu/12.5.0/include-fixed]
    add: [/usr/include/x86_64-linux-gnu]
    add: [/usr/include]
  end of search list found
  collapse include dir [/usr/local/lib/gcc/x86_64-linux-gnu/12.5.0/include] ==> [/usr/local/lib/gcc/x86_64-linux-gnu/12.5.0/include]
  collapse include dir [/usr/local/include] ==> [/usr/local/include]
  collapse include dir [/usr/local/lib/gcc/x86_64-linux-gnu/12.5.0/include-fixed] ==> [/usr/local/lib/gcc/x86_64-linux-gnu/12.5.0/include-fixed]
  collapse include dir [/usr/include/x86_64-linux-gnu] ==> [/usr/include/x86_64-linux-gnu]
  collapse include dir [/usr/include] ==> [/usr/include]
  implicit include dirs: [/usr/local/lib/gcc/x86_64-linux-gnu/12.5.0/include;/usr/local/include;/usr/local/lib/gcc/x86_64-linux-gnu/12.5.0/include-fixed;/usr/include/x86_64-linux-gnu;/usr/include]


Parsed C implicit link information from above output:
  link line regex: [^( *|.*[/\])(ld|CMAKE_LINK_STARTFILE-NOTFOUND|([^/\]+-)?ld|collect2)[^/\]*( |$)]
  ignore line: [Change Dir: /app/build/CMakeFiles/CMakeScratch/TryCompile-cwfFb2]
  ignore line: []
  ignore line: [Run Build Command(s):/usr/bin/gmake -f Makefile cmTC_f391a/fast && /usr/bin/gmake  -f CMakeFiles/cmTC_f391a.dir/build.make CMakeFiles/cmTC_f391a.dir/build]
  ignore line: [gmake[1]: Entering directory '/app/build/CMakeFiles/CMakeScratch/TryCompile-cwfFb2']
  ignore line: [Building C object CMakeFiles/cmTC_f391a.dir/CMakeCCompilerABI.c.o]
  ignore line: [/usr/bin/cc   -v -o CMakeFiles/cmTC_f391a.dir/CMakeCCompilerABI.c.o -c /usr/share/cmake-3.25/Modules/CMakeCCompilerABI.c]
  ignore line: [Using built-in specs.]
  ignore line: [COLLECT_GCC=/usr/bin/cc]
  ignore line: [Target: x86_64-linux-gnu]
  ignore line: [Configured with: /usr/src/gcc/configure --build=x86_64-linux-gnu --disable-multilib --enable-languages=c c++ fortran go]
  ignore line: [Thread model: posix]
  ignore line: [Supported LTO compression algorithms: zlib zstd]
  ignore line: [gcc version 12.5.0 (GCC) ]
  ignore line: [COLLECT_GCC_OPTIONS='-v' '-o' 'CMakeFiles/cmTC_f391a.dir/CMakeCCompilerABI.c.o' '-c' '-mtune=generic' '-march=x86-64' '-dumpdir' 'CMakeFiles/cmTC_f391a.dir/']
  ignore line: [ /usr/local/libexec/gcc/x86_64-linux-gnu/12.5.0/cc1 -quiet -v -imultiarch x86_64-linux-gnu /usr/share/cmake-3.25/Modules/CMakeCCompilerABI.c -quiet -dumpdir CMakeFiles/cmTC_f391a.dir/ -dumpbase CMakeCCompilerABI.c.c -dumpbase-ext .c -mtune=generic -march=x86-64 -version -o /tmp/ccFsRyMS.s]
  ignore line: [GNU C17 (GCC) version 12.5.0 (x86_64-linux-gnu)]
  ignore line: [	compiled by GNU C version 12.5.0  GMP version 6.2.1  MPFR version 4.1.0  MPC version 1.2.1  isl version isl-0.24-GMP]
  ignore line: []
  ignore line: [GGC heuristics: --param ggc-min-expand=100 --param ggc-min-heapsize=131072]
  ignore line: [ignoring nonexistent directory "/usr/local/include/x86_64-linux-gnu"]
  ignore line: [ignoring nonexistent directory "/usr/local/lib/gcc/x86_64-linux-gnu/12.5.0/../../../../x86_64-linux-gnu/include"]
  ignore line: [#include "..." search starts here:]
  ignore line: [#include <...> search starts here:]
  ignore line: [ /usr/local/lib/gcc/x86_64-linux-gnu/12.5.0/include]
  ignore line: [ /usr/local/include]
  ignore line: [ /usr/local/lib/gcc/x86_64-linux-gnu/12.5.0/include-fixed]
  ignore line: [ /usr/include/x86_64-linux-gnu]
  ignore line: [ /usr/include]
  ignore line: [End of search list.]
  ignore line: [GNU C17 (GCC) version 12.5.0 (x86_64-linux-gnu)]
  ignore line: [	compiled by GNU C version 12.5.0  GMP version 6.2.1  MPFR version 4.1.0  MPC version 1.2.1  isl version isl-0.24-GMP]
  ignore line: []
  ignore line: [GGC heuristics: --param ggc-min-expand=100 --param ggc-min-heapsize=131072]
  ignore line: [Compiler executable checksum: a0764282f990dfab71e5d57e04f25660]
  ignore line: [COLLECT_GCC_OPTIONS='-v' '-o' 'CMakeFiles/cmTC_f391a.dir/CMakeCCompilerABI.c.o' '-c' '-mtune=generic' '-march=x86-64' '-dumpdir' 'CMakeFiles/cmTC_f391a.dir/']
  ignore line: [ as -v --64 -o CMakeFiles/cmTC_f391a.dir/CMakeCCompilerABI.c.o /tmp/ccFsRyMS.s]
  ignore line: [GNU assembler version 2.40 (x86_64-linux-gnu) using BFD version (GNU Binutils for Debian) 2.40]
  ignore line: [COMPILER_PATH=/usr/local/libexec/gcc/x86_64-linux-gnu/12.5.0/:/usr/local/libexec/gcc/x86_64-linux-gnu/12.5.0/:/usr/local/libexec/gcc/x86_64-linux-gnu/:/usr/local/lib/gcc/x86_64-linux-gnu/12.5.0/:/usr/local/lib/gcc/x86_64-linux-gnu/]
  ignore line: [LIBRARY_PATH=/usr/local/lib/gcc/x86_64-linux-gnu/12.5.0/:/usr/local/lib/gcc/x86_64-linux-gnu/12.5.0/../../../../lib64/:/lib/x86_64-linux-gnu/:/lib/../lib64/:/usr/lib/x86_64-linux-gnu/:/usr/lib/../lib64/:/usr/local/lib/gcc/x86_64-linux-gnu/12.5.0/../../../:/lib/:/usr/lib/]
  ignore line: [COLLECT_GCC_OPTIONS='-v' '-o' 'CMakeFiles/cmTC_f391a.dir/CMakeCCompilerABI.c.o' '-c' '-mtune=generic' '-march=x86-64' '-dumpdir' 'CMakeFiles/cmTC_f391a.dir/CMakeCCompilerABI.c.']
  ignore line: [Linking C executable cmTC_f391a]
  ignore line: [/usr/bin/cmake -E cmake_link_script CMakeFiles/cmTC_f391a.dir/link.txt --verbose=1]
  ignore line: [/usr/bin/cc  -v CMakeFiles/cmTC_f391a.dir/CMakeCCompilerABI.c.o -o cmTC_f391a ]
  ignore line: [Using built-in specs.]
  ignore line: [COLLECT_GCC=/usr/bin/cc]
  ignore line: [COLLECT_LTO_WRAPPER=/usr/local/libexec/gcc/x86_64-linux-gnu/12.5.0/lto-wrapper]
  ignore line: [Target: x86_64-linux-gnu]
  ignore line: [Configured with: /usr/src/gcc/configure --build=x86_64-linux-gnu --disable-multilib --enable-languages=c c++ fortran go]
  ignore line: [Thread model: posix]
  ignore line: [Supported LTO compression algorithms: zlib zstd]
  ignore line: [gcc version 12.5.0 (GCC) ]
  ignore line: [COMPILER_PATH=/usr/local/libexec/gcc/x86_64-linux-gnu/12.5.0/:/usr/local/libexec/gcc/x86_64-linux-gnu/12.5.0/:/usr/local/libexec/gcc/x86_64-linux-gnu/:/usr/local/lib/gcc/x86_64-linux-gnu/12.5.0/:/usr/local/lib/gcc/x86_64-linux-gnu/]
  ignore line: [LIBRARY_PATH=/usr/local/lib/gcc/x86_64-linux-gnu/12.5.0/:/usr/local/lib/gcc/x86_64-linux-gnu/12.5.0/../../../../lib64/:/lib/x86_64-linux-gnu/:/lib/../lib64/:/usr/lib/x86_64-linux-gnu/:/usr/lib/../lib64/:/usr/local/lib/gcc/x86_64-linux-gnu/12.5.0/../../../:/lib/:/usr/lib/]
  ignore line: [COLLECT_GCC_OPTIONS='-v' '-o' 'cmTC_f391a' '-mtune=generic' '-march=x86-64' '-dumpdir' 'cmTC_f391a.']
  link line: [ /usr/local/libexec/gcc/x86_64-linux-gnu/12.5.0/collect2 -plugin /usr/local/libexec/gcc/x86_64-linux-gnu/12.5.0/liblto_plugin.so -plugin-opt=/usr/local/libexec/gcc/x86_64-linux-gnu/12.5.0/lto-wrapper -plugin-opt=-fresolution=/tmp/cc0r9ll8.res -plugin-opt=-pass-through=-lgcc -plugin-opt=-pass-through=-lgcc_s -plugin-opt=-pass-through=-lc -plugin-opt=-pass-through=-lgcc -plugin-opt=-pass-through=-lgcc_s --eh-frame-hdr -m elf_x86_64 -dynamic-linker /lib64/ld-linux-x86-64.so.2 -o cmTC_f391a /lib/x86_64-linux-gnu/crt1.o /lib/x86_64-linux-gnu/crti.o /usr/local/lib/gcc/x86_64-linux-gnu/12.5.0/crtbegin.o -L/usr/local/lib/gcc/x86_64-linux-gnu/12.5.0 -L/usr/local/lib/gcc/x86_64-linux-gnu/12.5.0/../../../../lib64 -L/lib/x86_64-linux-gnu -L/lib/../lib64 -L/usr/lib/x86_64-linux-gnu -L/usr/lib/../lib64 -L/usr/local/lib/gcc/x86_64-linux-gnu/12.5.0/../../.. CMakeFiles/cmTC_f391a.dir/CMakeCCompilerABI.c.o -lgcc --push-state --as-needed -lgcc_s --pop-state -lc -lgcc --push-state --as-needed -lgcc_s --pop-state /usr/local/lib/gcc/x86_64-linux-gnu/12.5.0/crtend.o /lib/x86_64-linux-gnu/crtn.o]
    arg [/usr/local/libexec/gcc/x86_64-linux-gnu/12.5.0/collect2] ==> ignore
    arg [-plugin] ==> ignore
    arg [/usr/local/libexec/gcc/x86_64-linux-gnu/12.5.0/liblto_plugin.so] ==> ignore
    arg [-plugin-opt=/usr/local/libexec/gcc/x86_64-linux-gnu/12.5.0/lto-wrapper] ==> ignore
    arg [-plugin-opt=-fresolution=/tmp/cc0r9ll8.res] ==> ignore
    arg [-plugin-opt=-pass-through=-lgcc] ==> ignore
    arg [-plugin-opt=-pass-through=-lgcc_s] ==> ignore
    arg [-plugin-opt=-pass-through=-lc] ==> ignore
    arg [-plugin-opt=-pass-through=-lgcc] ==> ignore
    arg [-plugin-opt=-pass-through=-lgcc_s] ==> ignore
    arg [--eh-frame-hdr] ==> ignore
    arg [-m] ==> ignore
    arg [elf_x86_64] ==> ignore
    arg [-dynamic-linker] ==> ignore
    arg [/lib64/ld-linux-x86-64.so.2] ==> ignore
    arg [-o] ==> ignore
    arg [cmTC_f391a] ==> ignore
    arg [/lib/x86_64-linux-gnu/crt1.o] ==> obj [/lib/x86_64-linux-gnu/crt1.o]
    arg [/lib/x86_64-linux-gnu/crti.o] ==> obj [/lib/x86_64-linux-gnu/crti.o]
    arg [/usr/local/lib/gcc/x86_64-linux-gnu/12.5.0/crtbegin.o] ==> obj [/usr/local/lib/gcc/x86_64-linux-gnu/12.5.0/crtbegin.o]
    arg [-L/usr/local/lib/gcc/x86_64-linux-gnu/12.5.0] ==> dir [/usr/local/lib/gcc/x86_64-linux-gnu/12.5.0]
    arg [-L/usr/local/lib/gcc/x86_64-linux-gnu/12.5.0/../../../../lib64] ==> dir [/usr/local/lib/gcc/x86_64-linux-gnu/12.5.0/../../../../lib64]
    arg [-L/lib/x86_64-linux-gnu] ==> dir [/lib/x86_64-linux-gnu]
    arg [-L/lib/../lib64] ==> dir [/lib/../lib64]
    arg [-L/usr/lib/x86_64-linux-gnu] ==> dir [/usr/lib/x86_64-linux-gnu]
    arg [-L/usr/lib/../lib64] ==> dir [/usr/lib/../lib64]
    arg [-L/usr/local/lib/gcc/x86_64-linux-gnu/12.5.0/../../..] ==> dir [/usr/local/lib/gcc/x86_64-linux-gnu/12.5.0/../../..]
    arg [CMakeFiles/cmTC_f391a.dir/CMakeCCompilerABI.c.o] ==> ignore
    arg [-lgcc] ==> lib [gcc]
    arg [--push-state] ==> ignore
    arg [--as-needed] ==> ignore
    arg [-lgcc_s] ==> lib [gcc_s]
    arg [--pop-state] ==> ignore
    arg [-lc] ==> lib [c]
    arg [-lgcc] ==> lib [gcc]
    arg [--push-state] ==> ignore
    arg [--as-needed] ==> ignore
    arg [-lgcc_s] ==> lib [gcc_s]
    arg [--pop-state] ==> ignore
    arg [/usr/local/lib/gcc/x86_64-linux-gnu/12.5.0/crtend.o] ==> obj [/usr/local/lib/gcc/x86_64-linux-gnu/12.5.0/crtend.o]
    arg [/lib/x86_64-linux-gnu/crtn.o] ==> obj [/lib/x86_64-linux-gnu/crtn.o]
  collapse library dir [/usr/local/lib/gcc/x86_64-linux-gnu/12.5.0] ==> [/usr/local/lib/gcc/x86_64-linux-gnu/12.5.0]
  collapse library dir [/usr/local/lib/gcc/x86_64-linux-gnu/12.5.0/../../../../lib64] ==> [/usr/local/lib64]
  collapse library dir [/lib/x86_64-linux-gnu] ==> [/lib/x86_64-linux-gnu]
  collapse library dir [/lib/../lib64] ==> [/lib64]
  collapse library dir [/usr/lib/x86_64-linux-gnu] ==> [/usr/lib/x86_64-linux-gnu]
  collapse library dir [/usr/lib/../lib64] ==> [/usr/lib64]
  collapse library dir [/usr/local/lib/gcc/x86_64-linux-gnu/12.5.0/../../..] ==> [/usr/local/lib]
  implicit libs: [gcc;gcc_s;c;gcc;gcc_s]
  implicit objs: [/lib/x86_64-linux-gnu/crt1.o;/lib/x86_64-linux-gnu/crti.o;/usr/local/lib/gcc/x86_64-linux-gnu/12.5.0/crtbegin.o;/usr/local/lib/gcc/x86_64-linux-gnu/12.5.0/crtend.o;/lib/x86_64-linux-gnu/crtn.o]
  implicit dirs: [/usr/local/lib/gcc/x86_64-linux-gnu/12.5.0;/usr/local/lib64;/lib/x86_64-linux-gnu;/lib64;/usr/lib/x86_64-linux-gnu;/usr/lib64;/usr/local/lib]
  implicit fwks: []


Detecting CXX compiler ABI info compiled with the following output:
Change Dir: /app/build/CMakeFiles/CMakeScratch/TryCompile-VFR3mA

Run Build Command(s):/usr/bin/gmake -f Makefile cmTC_9e84a/fast && /usr/bin/gmake  -f CMakeFiles/cmTC_9e84a.dir/build.make CMakeFiles/cmTC_9e84a.dir/build
gmake[1]: Entering directory '/app/build/CMakeFiles/CMakeScratch/TryCompile-VFR3mA'
Building CXX object CMakeFiles/cmTC_9e84a.dir/CMakeCXXCompilerABI.cpp.o
/usr/local/bin/c++   -v -o CMakeFiles/cmTC_9e84a.dir/CMakeCXXCompilerABI.cpp.o -c /usr/share/cmake-3.25/Modules/CMakeCXXCompilerABI.cpp
Using built-in specs.
COLLECT_GCC=/usr/local/bin/c++
Target: x86_64-linux-gnu
Configured with: /usr/src/gcc/configure --build=x86_64-linux-gnu --disable-multilib --enable-languages=c,c++,fortran,go
Thread model: posix
Supported LTO compression algorithms: zlib zstd
gcc version 12.5.0 (GCC) 
COLLECT_GCC_OPTIONS='-v' '-o' 'CMakeFiles/cmTC_9e84a.dir/CMakeCXXCompilerABI.cpp.o' '-c' '-shared-libgcc' '-mtune=generic' '-march=x86-64' '-dumpdir' 'CMakeFiles/cmTC_9e84a.dir/'
 /usr/local/libexec/gcc/x86_64-linux-gnu/12.5.0/cc1plus -quiet -v -imultiarch x86_64-linux-gnu -D_GNU_SOURCE /usr/share/cmake-3.25/Modules/CMakeCXXCompilerABI.cpp -quiet -dumpdir CMakeFiles/cmTC_9e84a.dir/ -dumpbase CMakeCXXCompilerABI.cpp.cpp -dumpbase-ext .cpp -mtune=generic -march=x86-64 -version -o /tmp/ccyV6WOK.s
GNU C++17 (GCC) version 12.5.0 (x86_64-linux-gnu)
	compiled by GNU C version 12.5.0, GMP version 6.2.1, MPFR version 4.1.0, MPC version 1.2.1, isl version isl-0.24-GMP

GGC heuristics: --param ggc-min-expand=100 --param ggc-min-heapsize=131072
ignoring nonexistent directory "/usr/local/include/x86_64-linux-gnu"
ignoring nonexistent directory "/usr/local/lib/gcc/x86_64-linux-gnu/12.5.0/../../../../x86_64-linux-gnu/include"
#include "..." search starts here:
#include <...> search starts here:
 /usr/local/lib/gcc/x86_64-linux-gnu/12.5.0/../../../../include/c++/12.5.0
 /usr/local/lib/gcc/x86_64-linux-gnu/12.5.0/../../../../include/c++/12.5.0/x86_64-linux-gnu
 /usr/local/lib/gcc/x86_64-linux-gnu/12.5.0/../../../../include/c++/12.5.0/backward
 /usr/local/lib/gcc/x86_64-linux-gnu/12.5.0/include
 /usr/local/include
 /usr/local/lib/gcc/x86_64-linux-gnu/12.5.0/include-fixed
 /usr/include/x86_64-linux-gnu
 /usr/include
End of search list.
GNU C++17 (GCC) version 12.5.0 (x86_64-linux-gnu)
	compiled by GNU C version 12.5.0, GMP version 6.2.1, MPFR version 4.1.0, MPC version 1.2.1, isl version isl-0.24-GMP

GGC heuristics: --param ggc-min-expand=100 --param ggc-min-heapsize=131072
Compiler executable checksum: 63ff3bb5428e277bca75b032451598a1
COLLECT_GCC_OPTIONS='-v' '-o' 'CMakeFiles/cmTC_9e84a.dir/CMakeCXXCompilerABI.cpp.o' '-c' '-shared-libgcc' '-mtune=generic' '-march=x86-64' '-dumpdir' 'CMakeFiles/cmTC_9e84a.dir/'
 as -v --64 -o CMakeFiles/cmTC_9e84a.dir/CMakeCXXCompilerABI.cpp.o /tmp/ccyV6WOK.s
GNU assembler version 2.40 (x86_64-linux-gnu) using BFD version (GNU Binutils for Debian) 2.40
COMPILER_PATH=/usr/local/libexec/gcc/x86_64-linux-gnu/12.5.0/:/usr/local/libexec/gcc/x86_64-linux-gnu/12.5.0/:/usr/local/libexec/gcc/x86_64-linux-gnu/:/usr/local/lib/gcc/x86_64-linux-gnu/12.5.0/:/usr/local/lib/gcc/x86_64-linux-gnu/
LIBRARY_PATH=/usr/local/lib/gcc/x86_64-linux-gnu/12.5.0/:/usr/local/lib/gcc/x86_64-linux-gnu/12.5.0/../../../../lib64/:/lib/x86_64-linux-gnu/:/lib/../lib64/:/usr/lib/x86_64-linux-gnu/:/usr/lib/../lib64/:/usr/local/lib/gcc/x86_64-linux-gnu/12.5.0/../../../:/lib/:/usr/lib/
COLLECT_GCC_OPTIONS='-v' '-o' 'CMakeFiles/cmTC_9e84a.dir/CMakeCXXCompilerABI.cpp.o' '-c' '-shared-libgcc' '-mtune=generic' '-march=x86-64' '-dumpdir' 'CMakeFiles/cmTC_9e84a.dir/CMakeCXXCompilerABI.cpp.'
Linking CXX executable cmTC_9e84a
/usr/bin/cmake -E cmake_link_script CMakeFiles/cmTC_9e84a.dir/link.txt --verbose=1
/usr/local/bin/c++  -v CMakeFiles/cmTC_9e84a.dir/CMakeCXXCompilerABI.cpp.o -o cmTC_9e84a 
Using built-in specs.
COLLECT_GCC=/usr/local/bin/c++
COLLECT_LTO_WRAPPER=/usr/local/libexec/gcc/x86_64-linux-gnu/12.5.0/lto-wrapper
Target: x86_64-linux-gnu
Configured with: /usr/src/gcc/configure --build=x86_64-linux-gnu --disable-multilib --enable-languages=c,c++,fortran,go
Thread model: posix
Supported LTO compression algorithms: zlib zstd
gcc version 12.5.0 (GCC) 
COMPILER_PATH=/usr/local/libexec/gcc/x86_64-linux-gnu/12.5.0/:/usr/local/libexec/gcc/x86_64-linux-gnu/12.5.0/:/usr/local/libexec/gcc/x86_64-linux-gnu/:/usr/local/lib/gcc/x86_64-linux-gnu/12.5.0/:/usr/local/lib/gcc/x86_64-linux-gnu/
LIBRARY_PATH=/usr/local/lib/gcc/x86_64-linux-gnu/12.5.0/:/usr/local/lib/gcc/x86_64-linux-gnu/12.5.0/../../../../lib64/:/lib/x86_64-linux-gnu/:/lib/../lib64/:/usr/lib/x86_64-linux-gnu/:/usr/lib/../lib64/:/usr/local/lib/gcc/x86_64-linux-gnu/12.5.0/../../../:/lib/:/usr/lib/
COLLECT_GCC_OPTIONS='-v' '-o' 'cmTC_9e84a' '-shared-libgcc' '-mtune=generic' '-march=x86-64' '-dumpdir' 'cmTC_9e84a.'
 /usr/local/libexec/gcc/x86_64-linux-gnu/12.5.0/collect2 -plugin /usr/local/libexec/gcc/x86_64-linux-gnu/12.5.0/liblto_plugin.so -plugin-opt=/usr/local/libexec/gcc/x86_64-linux-gnu/12.5.0/lto-wrapper -plugin-opt=-fresolution=/tmp/ccBm7ku7.res -plugin-opt=-pass-through=-lgcc_s -plugin-opt=-pass-through=-lgcc -plugin-opt=-pass-through=-lc -plugin-opt=-pass-through=-lgcc_s -plugin-opt=-pass-through=-lgcc --eh-frame-hdr -m elf_x86_64 -dynamic-linker /lib64/ld-linux-x86-64.so.2 -o cmTC_9e84a /lib/x86_64-linux-gnu/crt1.o /lib/x86_64-linux-gnu/crti.o /usr/local/lib/gcc/x86_64-linux-gnu/12.5.0/crtbegin.o -L/usr/local/lib/gcc/x86_64-linux-gnu/12.5.0 -L/usr/local/lib/gcc/x86_64-linux-gnu/12.5.0/../../../../lib64 -L/lib/x86_64-linux-gnu -L/lib/../lib64 -L/usr/lib/x86_64-linux-gnu -L/usr/lib/../lib64 -L/usr/local/lib/gcc/x86_64-linux-gnu/12.5.0/../../.. CMakeFiles/cmTC_9e84a.dir/CMakeCXXCompilerABI.cpp.o -lstdc++ -lm -lgcc_s -lgcc -lc -lgcc_s -lgcc /usr/local/lib/gcc/x86_64-linux-gnu/12.5.0/crtend.o /lib/x86_64-linux-gnu/crtn.o
COLLECT_GCC_OPTIONS='-v' '-o' 'cmTC_9e84a' '-shared-libgcc' '-mtune=generic' '-march=x86-64' '-dumpdir' 'cmTC_9e84a.'
gmake[1]: Leaving directory '/app/build/CMakeFiles/CMakeScratch/TryCompile-VFR3mA'



Parsed CXX implicit include dir info from above output: rv=done
  found start of include info
  found start of implicit include info
    add: [/usr/local/lib/gcc/x86_64-linux-gnu/12.5.0/../../../../include/c++/12.5.0]
    add: [/usr/local/lib/gcc/x86_64-linux-gnu/12.5.0/../../../../include/c++/12.5.0/x86_64-linux-gnu]
    add: [/usr/local/lib/gcc/x86_64-linux-gnu/12.5.0/../../../../include/c++/12.5.0/backward]
    add: [/usr/local/lib/gcc/x86_64-linux-gnu/12.5.0/include]
    add: [/usr/local/include]
    add: [/usr/local/lib/gcc/x86_64-linux-gnu/12.5.0/include-fixed]
    add: [/usr/include/x86_64-linux-gnu]
    add: [/usr/include]
  end of search list found
  collapse include dir [/usr/local/lib/gcc/x86_64-linux-gnu/12.5.0/../../../../include/c++/12.5.0] ==> [/usr/local/include/c++/12.5.0]
  collapse include dir [/usr/local/lib/gcc/x86_64-linux-gnu/12.5.0/../../../../include/c++/12.5.0/x86_64-linux-gnu] ==> [/usr/local/include/c++/12.5.0/x86_64-linux-gnu]
  collapse include dir [/usr/local/lib/gcc/x86_64-linux-gnu/12.5.0/../../../../include/c++/12.5.0/backward] ==> [/usr/local/include/c++/12.5.0/backward]
  collapse include dir [/usr/local/lib/gcc/x86_64-linux-gnu/12.5.0/include] ==> [/usr/local/lib/gcc/x86_64-linux-gnu/12.5.0/include]
  collapse include dir [/usr/local/include] ==> [/usr/local/include]
  collapse include dir [/usr/local/lib/gcc/x86_64-linux-gnu/12.5.0/include-fixed] ==> [/usr/local/lib/gcc/x86_64-linux-gnu/12.5.0/include-fixed]
  collapse include dir [/usr/include/x86_64-linux-gnu] ==> [/usr/include/x86_64-linux-gnu]
  collapse include dir [/usr/include] ==> [/usr/include]
  implicit include dirs: [/usr/local/include/c++/12.5.0;/usr/local/include/c++/12.5.0/x86_64-linux-gnu;/usr/local/include/c++/12.5.0/backward;/usr/local/lib/gcc/x86_64-linux-gnu/12.5.0/include;/usr/local/include;/usr/local/lib/gcc/x86_64-linux-gnu/12.5.0/include-fixed;/usr/include/x86_64-linux-gnu;/usr/include]


Parsed CXX implicit link information from above output:
  link line regex: [^( *|.*[/\])(ld|CMAKE_LINK_STARTFILE-NOTFOUND|([^/\]+-)?ld|collect2)[^/\]*( |$)]
  ignore line: [Change Dir: /app/build/CMakeFiles/CMakeScratch/TryCompile-VFR3mA]
  ignore line: []
  ignore line: [Run Build Command(s):/usr/bin/gmake -f Makefile cmTC_9e84a/fast && /usr/bin/gmake  -f CMakeFiles/cmTC_9e84a.dir/build.make CMakeFiles/cmTC_9e84a.dir/build]
  ignore line: [gmake[1]: Entering directory '/app/build/CMakeFiles/CMakeScratch/TryCompile-VFR3mA']
  ignore line: [Building CXX object CMakeFiles/cmTC_9e84a.dir/CMakeCXXCompilerABI.cpp.o]
  ignore line: [/usr/local/bin/c++   -v -o CMakeFiles/cmTC_9e84a.dir/CMakeCXXCompilerABI.cpp.o -c /usr/share/cmake-3.25/Modules/CMakeCXXCompilerABI.cpp]
  ignore line: [Using built-in specs.]
  ignore line: [COLLECT_GCC=/usr/local/bin/c++]
  ignore line: [Target: x86_64-linux-gnu]
  ignore line: [Configured with: /usr/src/gcc/configure --build=x86_64-linux-gnu --disable-multilib --enable-languages=c c++ fortran go]
  ignore line: [Thread model: posix]
  ignore line: [Supported LTO compression algorithms: zlib zstd]
  ignore line: [gcc version 12.5.0 (GCC) ]
  ignore line: [COLLECT_GCC_OPTIONS='-v' '-o' 'CMakeFiles/cmTC_9e84a.dir/CMakeCXXCompilerABI.cpp.o' '-c' '-shared-libgcc' '-mtune=generic' '-march=x86-64' '-dumpdir' 'CMakeFiles/cmTC_9e84a.dir/']
  ignore line: [ /usr/local/libexec/gcc/x86_64-linux-gnu/12.5.0/cc1plus -quiet -v -imultiarch x86_64-linux-gnu -D_GNU_SOURCE /usr/share/cmake-3.25/Modules/CMakeCXXCompilerABI.cpp -quiet -dumpdir CMakeFiles/cmTC_9e84a.dir/ -dumpbase CMakeCXXCompilerABI.cpp.cpp -dumpbase-ext .cpp -mtune=generic -march=x86-64 -version -o /tmp/ccyV6WOK.s]
  ignore line: [GNU C++17 (GCC) version 12.5.0 (x86_64-linux-gnu)]
  ignore line: [	compiled by GNU C version 12.5.0  GMP version 6.2.1  MPFR version 4.1.0  MPC version 1.2.1  isl version isl-0.24-GMP]
  ignore line: []
  ignore line: [GGC heuristics: --param ggc-min-expand=100 --param ggc-min-heapsize=131072]
  ignore line: [ignoring nonexistent directory "/usr/local/include/x86_64-linux-gnu"]
  ignore line: [ignoring nonexistent directory "/usr/local/lib/gcc/x86_64-linux-gnu/12.5.0/../../../../x86_64-linux-gnu/include"]
  ignore line: [#include "..." search starts here:]
  ignore line: [#include <...> search starts here:]
  ignore line: [ /usr/local/lib/gcc/x86_64-linux-gnu/12.5.0/../../../../include/c++/12.5.0]
  ignore line: [ /usr/local/lib/gcc/x86_64-linux-gnu/12.5.0/../../../../include/c++/12.5.0/x86_64-linux-gnu]
  ignore line: [ /usr/local/lib/gcc/x86_64-linux-gnu/12.5.0/../../../../include/c++/12.5.0/backward]
  ignore line: [ /usr/local/lib/gcc/x86_64-linux-gnu/12.5.0/include]
  ignore line: [ /usr/local/include]
  ignore line: [ /usr/local/lib/gcc/x86_64-linux-gnu/12.5.0/include-fixed]
  ignore line: [ /usr/include/x86_64-linux-gnu]
  ignore line: [ /usr/include]
  ignore line: [End of search list.]
  ignore line: [GNU C++17 (GCC) version 12.5.0 (x86_64-linux-gnu)]
  ignore line: [	compiled by GNU C version 12.5.0  GMP version 6.2.1  MPFR version 4.1.0  MPC version 1.2.1  isl version isl-0.24-GMP]
  ignore line: []
  ignore line: [GGC heuristics: --param ggc-min-expand=100 --param ggc-min-heapsize=131072]
  ignore line: [Compiler executable checksum: 63ff3bb5428e277bca75b032451598a1]
  ignore line: [COLLECT_GCC_OPTIONS='-v' '-o' 'CMakeFiles/cmTC_9e84a.dir/CMakeCXXCompilerABI.cpp.o' '-c' '-shared-libgcc' '-mtune=generic' '-march=x86-64' '-dumpdir' 'CMakeFiles/cmTC_9e84a.dir/']
  ignore line: [ as -v --64 -o CMakeFiles/cmTC_9e84a.dir/CMakeCXXCompilerABI.cpp.o /tmp/ccyV6WOK.s]
  ignore line: [GNU assembler version 2.40 (x86_64-linux-gnu) using BFD version (GNU Binutils for Debian) 2.40]
  ignore line: [COMPILER_PATH=/usr/local/libexec/gcc/x86_64-linux-gnu/12.5.0/:/usr/local/libexec/gcc/x86_64-linux-gnu/12.5.0/:/usr/local/libexec/gcc/x86_64-linux-gnu/:/usr/local/lib/gcc/x86_64-linux-gnu/12.5.0/:/usr/local/lib/gcc/x86_64-linux-gnu/]
  ignore line: [LIBRARY_PATH=/usr/local/lib/gcc/x86_64-linux-gnu/12.5.0/:/usr/local/lib/gcc/x86_64-linux-gnu/12.5.0/../../../../lib64/:/lib/x86_64-linux-gnu/:/lib/../lib64/:/usr/lib/x86_64-linux-gnu/:/usr/lib/../lib64/:/usr/local/lib/gcc/x86_64-linux-gnu/12.5.0/../../../:/lib/:/usr/lib/]
  ignore line: [COLLECT_GCC_OPTIONS='-v' '-o' 'CMakeFiles/cmTC_9e84a.dir/CMakeCXXCompilerABI.cpp.o' '-c' '-shared-libgcc' '-mtune=generic' '-march=x86-64' '-dumpdir' 'CMakeFiles/cmTC_9e84a.dir/CMakeCXXCompilerABI.cpp.']
  ignore line: [Linking CXX executable cmTC_9e84a]
  ignore line: [/usr/bin/cmake -E cmake_link_script CMakeFiles/cmTC_9e84a.dir/link.txt --verbose=1]
  ignore line: [/usr/local/bin/c++  -v CMakeFiles/cmTC_9e84a.dir/CMakeCXXCompilerABI.cpp.o -o cmTC_9e84a ]
  ignore line: [Using built-in specs.]
  ignore line: [COLLECT_GCC=/usr/local/bin/c++]
  ignore line: [COLLECT_LTO_WRAPPER=/usr/local/libexec/gcc/x86_64-linux-gnu/12.5.0/lto-wrapper]
  ignore line: [Target: x86_64-linux-gnu]
  ignore line: [Configured with: /usr/src/gcc/configure --build=x86_64-linux-gnu --disable-multilib --enable-languages=c c++ fortran go]
  ignore line: [Thread model: posix]
  ignore line: [Supported LTO compression algorithms: zlib zstd]
  ignore line: [gcc version 12.5.0 (GCC) ]
  ignore line: [COMPILER_PATH=/usr/local/libexec/gcc/x86_64-linux-gnu/12.5.0/:/usr/local/libexec/gcc/x86_64-linux-gnu/12.5.0/:/usr/local/libexec/gcc/x86_64-linux-gnu/:/usr/local/lib/gcc/x86_64-linux-gnu/12.5.0/:/usr/local/lib/gcc/x86_64-linux-gnu/]
  ignore line: [LIBRARY_PATH=/usr/local/lib/gcc/x86_64-linux-gnu/12.5.0/:/usr/local/lib/gcc/x86_64-linux-gnu/12.5.0/../../../../lib64/:/lib/x86_64-linux-gnu/:/lib/../lib64/:/usr/lib/x86_64-linux-gnu/:/usr/lib/../lib64/:/usr/local/lib/gcc/x86_64-linux-gnu/12.5.0/../../../:/lib/:/usr/lib/]
  ignore line: [COLLECT_GCC_OPTIONS='-v' '-o' 'cmTC_9e84a' '-shared-libgcc' '-mtune=generic' '-march=x86-64' '-dumpdir' 'cmTC_9e84a.']
  link line: [ /usr/local/libexec/gcc/x86_64-linux-gnu/12.5.0/collect2 -plugin /usr/local/libexec/gcc/x86_64-linux-gnu/12.5.0/liblto_plugin.so -plugin-opt=/usr/local/libexec/gcc/x86_64-linux-gnu/12.5.0/lto-wrapper -plugin-opt=-fresolution=/tmp/ccBm7ku7.res -plugin-opt=-pass-through=-lgcc_s -plugin-opt=-pass-through=-lgcc -plugin-opt=-pass-through=-lc -plugin-opt=-pass-through=-lgcc_s -plugin-opt=-pass-through=-lgcc --eh-frame-hdr -m elf_x86_64 -dynamic-linker /lib64/ld-linux-x86-64.so.2 -o cmTC_9e84a /lib/x86_64-linux-gnu/crt1.o /lib/x86_64-linux-gnu/crti.o /usr/local/lib/gcc/x86_64-linux-gnu/12.5.0/crtbegin.o -L/usr/local/lib/gcc/x86_64-linux-gnu/12.5.0 -L/usr/local/lib/gcc/x86_64-linux-gnu/12.5.0/../../../../lib64 -L/lib/x86_64-linux-gnu -L/lib/../lib64 -L/usr/lib/x86_64-linux-gnu -L/usr/lib/../lib64 -L/usr/local/lib/gcc/x86_64-linux-gnu/12.5.0/../../.. CMakeFiles/cmTC_9e84a.dir/CMakeCXXCompilerABI.cpp.o -lstdc++ -lm -lgcc_s -lgcc -lc -lgcc_s -lgcc /usr/local/lib/gcc/x86_64-linux-gnu/12.5.0/crtend.o /lib/x86_64-linux-gnu/crtn.o]
    arg [/usr/local/libexec/gcc/x86_64-linux-gnu/12.5.0/collect2] ==> ignore
    arg [-plugin] ==> ignore
    arg [/usr/local/libexec/gcc/x86_64-linux-gnu/12.5.0/liblto_plugin.so] ==> ignore
    arg [-plugin-opt=/usr/local/libexec/gcc/x86_64-linux-gnu/12.5.0/lto-wrapper] ==> ignore
    arg [-plugin-opt=-fresolution=/tmp/ccBm7ku7.res] ==> ignore
    arg [-plugin-opt=-pass-through=-lgcc_s] ==> ignore
    arg [-plugin-opt=-pass-through=-lgcc] ==> ignore
    arg [-plugin-opt=-pass-through=-lc] ==> ignore
    arg [-plugin-opt=-pass-through=-lgcc_s] ==> ignore
    arg [-plugin-opt=-pass-through=-lgcc] ==> ignore
    arg [--eh-frame-hdr] ==> ignore
    arg [-m] ==> ignore
    arg [elf_x86_64] ==> ignore
    arg [-dynamic-linker] ==> ignore
    arg [/lib64/ld-linux-x86-64.so.2] ==> ignore
    arg [-o] ==> ignore
    arg [cmTC_9e84a] ==> ignore
    arg [/lib/x86_64-linux-gnu/crt1.o] ==> obj [/lib/x86_64-linux-gnu/crt1.o]
    arg [/lib/x86_64-linux-gnu/crti.o] ==> obj [/lib/x86_64-linux-gnu/crti.o]
    arg [/usr/local/lib/gcc/x86_64-linux-gnu/12.5.0/crtbegin.o] ==> obj [/usr/local/lib/gcc/x86_64-linux-gnu/12.5.0/crtbegin.o]
    arg [-L/usr/local/lib/gcc/x86_64-linux-gnu/12.5.0] ==> dir [/usr/local/lib/gcc/x86_64-linux-gnu/12.5.0]
    arg [-L/usr/local/lib/gcc/x86_64-linux-gnu/12.5.0/../../../../lib64] ==> dir [/usr/local/lib/gcc/x86_64-linux-gnu/12.5.0/../../../../lib64]
    arg [-L/lib/x86_64-linux-gnu] ==> dir [/lib/x86_64-linux-gnu]
    arg [-L/lib/../lib64] ==> dir [/lib/../lib64]
    arg [-L/usr/lib/x86_64-linux-gnu] ==> dir [/usr/lib/x86_64-linux-gnu]
    arg [-L/usr/lib/../lib64] ==> dir [/usr/lib/../lib64]
    arg [-L/usr/local/lib/gcc/x86_64-linux-gnu/12.5.0/../../..] ==> dir [/usr/local/lib/gcc/x86_64-linux-gnu/12.5.0/../../..]
    arg [CMakeFiles/cmTC_9e84a.dir/CMakeCXXCompilerABI.cpp.o] ==> ignore
    arg [-lstdc++] ==> lib [stdc++]
    arg [-lm] ==> lib [m]
    arg [-lgcc_s] ==> lib [gcc_s]
    arg [-lgcc] ==> lib [gcc]
    arg [-lc] ==> lib [c]
    arg [-lgcc_s] ==> lib [gcc_s]
    arg [-lgcc] ==> lib [gcc]
    arg [/usr/local/lib/gcc/x86_64-linux-gnu/12.5.0/crtend.o] ==> obj [/usr/local/lib/gcc/x86_64-linux-gnu/12.5.0/crtend.o]
    arg [/lib/x86_64-linux-gnu/crtn.o] ==> obj [/lib/x86_64-linux-gnu/crtn.o]
  collapse library dir [/usr/local/lib/gcc/x86_64-linux-gnu/12.5.0] ==> [/usr/local/lib/gcc/x86_64-linux-gnu/12.5.0]
  collapse library dir [/usr/local/lib/gcc/x86_64-linux-gnu/12.5.0/../../../../lib64] ==> [/usr/local/lib64]
  collapse library dir [/lib/x86_64-linux-gnu] ==> [/lib/x86_64-linux-gnu]
  collapse library dir [/lib/../lib64] ==> [/lib64]
  collapse library dir [/usr/lib/x86_64-linux-gnu] ==> [/usr/lib/x86_64-linux-gnu]
  collapse library dir [/usr/lib/../lib64] ==> [/usr/lib64]
  collapse library dir [/usr/local/lib/gcc/x86_64-linux-gnu/12.5.0/../../..] ==> [/usr/local/lib]
  implicit libs: [stdc++;m;gcc_s;gcc;c;gcc_s;gcc]
  implicit objs: [/lib/x86_64-linux-gnu/crt1.o;/lib/x86_64-linux-gnu/crti.o;/usr/local/lib/gcc/x86_64-linux-gnu/12.5.0/crtbegin.o;/usr/local/lib/gcc/x86_64-linux-gnu/12.5.0/crtend.o;/lib/x86_64-linux-gnu/crtn.o]
  implicit dirs: [/usr/local/lib/gcc/x86_64-linux-gnu/12.5.0;/usr/local/lib64;/lib/x86_64-linux-gnu;/lib64;/usr/lib/x86_64-linux-gnu;/usr/lib64;/usr/local/lib]
  implicit fwks: []


